==================================================
1. LOGIN
   Status: 200
   Token: eyJhbGciOiJIUzI1NiIsInR5cCI6IkpXVCJ9.eyJ...

==================================================
2. MIS STATUS
   Status: 200
   Response: {
  "current_date": "2026-03-07",
  "previous_month": "2026-02",
  "total_days_in_previous_month": 28,
  "days_cleanup_completed": 7,
  "days_remaining": 21,
  "pending_dates": [
    "2026-02-08",
    "2026-02-09",
    "2026-02-10",
    "2026-02-11",
    "2026-02-12",
    "2026-02-13",
    "2026-02-14",
    "2026-02-15",
    "2026-02-16",
    "2026-02-17"
  ],
  "todays_cleanup_date": "2026-02-07"
}

==================================================
3. MIS HISTORY
   Status: 200
   Response: {
  "total_cleanups": 1,
  "history": [
    {
      "timestamp": "2026-03-07T15:22:41.243801",
      "cleanup_date": "2026-02-07",
      "deleted_mongo": 0,
      "deleted_excel": 0,
      "status": "completed"
    }
  ]
}

==================================================
4. EXCEL SYNC
   Status: 200
   Response: {
  "message": "Excel sync completed successfully",
  "synced_collections": {
    "users": 10,
    "transactions": 81,
    "accounts": 7,
    "habits": 20,
    "budget_settings": 4
  }
}

==================================================
5. ADD TRANSACTION
   Status: 200
   Response: {
  "amount": 500.0,
  "category": "Food",
  "note": "Test lunch from API",
  "date": "2026-03-07",
  "type": "expense",
  "account": "wallet",
  "id": "69abf59e5cc9383198492cc7",
  "user_id": "69abf30aa658004886d8b25f"
}

==================================================
6. GET TRANSACTIONS (last 5)
   Status: 200
   - 2026-03-07 | Food | Rs.500.0 | Test lunch from API
   - 2026-03-07 | Food | Rs.500.0 | Test lunch from API

==================================================
ALL TESTS COMPLETE!
